HTTP/1.1 200 OK
X-Powered-By: Express
Access-Control-Allow-Origin: *
Content-Type: application/json; charset=utf-8
Access-Control-Allow-Methods: *
Access-Control-Allow-Headers: Content-Type, api_key, Authorization
Content-Length: 34
ETag: W/"22-ygMv3HOGz8uRdiuzFhp66Ry+4eQ"
Date: Mon, 29 Mar 2021 03:11:52 GMT
Connection: keep-alive
Keep-Alive: timeout=5

