HTTP/1.1 200 OK
X-Powered-By: Express
Access-Control-Allow-Origin: *
Content-Type: application/json; charset=utf-8
Access-Control-Allow-Methods: *
Access-Control-Allow-Headers: Content-Type, api_key, Authorization
Content-Length: 1024
ETag: W/"400-NPLTd19L9D0P0NkxBoaP9Iu0+os"
Date: Mon, 29 Mar 2021 00:05:49 GMT
Connection: keep-alive
Keep-Alive: timeout=5

