HTTP/1.1 200 OK
X-Powered-By: Express
Access-Control-Allow-Origin: *
Content-Type: application/json; charset=utf-8
Access-Control-Allow-Methods: *
Access-Control-Allow-Headers: Content-Type, api_key, Authorization
Content-Length: 38
ETag: W/"26-KhtaNRRP8wB6SaSocL1VR8JKCmY"
Date: Mon, 29 Mar 2021 03:01:08 GMT
Connection: keep-alive
Keep-Alive: timeout=5

