HTTP/1.1 200 OK
X-Powered-By: Express
Access-Control-Allow-Origin: *
Content-Type: application/json; charset=utf-8
Access-Control-Allow-Methods: *
Access-Control-Allow-Headers: Content-Type, api_key, Authorization
Content-Length: 33
ETag: W/"21-Gq5hfJiU+2nTCWYa2iaTfX4Qt9E"
Date: Mon, 29 Mar 2021 21:06:08 GMT
Connection: keep-alive
Keep-Alive: timeout=5

{"message":"Updated property: 2"}